
> student-daily-planner@0.1.0 build
> next build

Γû▓ Next.js 16.1.6 (Turbopack)
- Environments: .env

  Creating an optimized production build ...
Γ£ô Compiled successfully in 7.5s
  Running TypeScript ...
  Collecting page data using 15 workers ...
  Generating static pages using 15 workers (0/14) ...
  Generating static pages using 15 workers (3/14) 
  Generating static pages using 15 workers (6/14) 
  Generating static pages using 15 workers (10/14) 
Γ£ô Generating static pages using 15 workers (14/14) in 799.0ms
  Finalizing page optimization ...

Route (app)
Γöî Γùï /
Γö£ Γùï /_not-found
Γö£ ╞Æ /api/auth/[...nextauth]
Γö£ ╞Æ /api/auth/verify
Γö£ Γùï /dashboard
Γö£ Γùï /dashboard/analytics
Γö£ Γùï /dashboard/daily-planner
Γö£ Γùï /dashboard/journal
Γö£ Γùï /dashboard/settings
Γö£ Γùï /dashboard/study-timer
Γö£ Γùï /dashboard/weekly-planner
Γö£ Γùï /login
Γöö Γùï /signup


Γùï  (Static)   prerendered as static content
╞Æ  (Dynamic)  server-rendered on demand

